src/components/DrawingBoard.tsx(72,14): error TS2339: Property 'setPointerCapture' does not exist on type 'EventTarget'.
src/components/DrawingBoard.tsx(100,14): error TS2339: Property 'releasePointerCapture' does not exist on type 'EventTarget'.
